// Jest Snapshot v1, https://goo.gl/fbAQLP

exports[`App component App test should render with error 1`] = `
<DocumentFragment>
  <div>
    My first app, let's staterd
  </div>
</DocumentFragment>
`;
